[INFO] Scanning for projects...
[INFO] 
[INFO] --------------------< com.example:job-queue-system >--------------------
[INFO] Building job-queue-system 0.0.1-SNAPSHOT
[INFO]   from pom.xml
[INFO] --------------------------------[ jar ]---------------------------------
[INFO] 
[INFO] --- resources:3.3.1:resources (default-resources) @ job-queue-system ---
[INFO] Copying 1 resource from src\main\resources to target\classes
[INFO] Copying 0 resource from src\main\resources to target\classes
[INFO] 
[INFO] --- compiler:3.13.0:compile (default-compile) @ job-queue-system ---
[INFO] Recompiling the module because of changed source code.
[INFO] Compiling 14 source files with javac [debug parameters release 21] to target\classes
[INFO] Annotation processing is enabled because one or more processors were found
  on the class path. A future release of javac may disable annotation processing
  unless at least one processor is specified by name (-processor), or a search
  path is specified (--processor-path, --processor-module-path), or annotation
  processing is enabled explicitly (-proc:only, -proc:full).
  Use -Xlint:-options to suppress this message.
  Use -proc:none to disable annotation processing.
[INFO] -------------------------------------------------------------
[ERROR] COMPILATION ERROR : 
[INFO] -------------------------------------------------------------
[ERROR] /C:/Users/Sanrach/OneDrive/Desktop/Code/Java/Job Queue System/src/main/java/com/example/jobqueue/controller/JobController.java:[3,32] cannot access com.example.jobqueue.dto.JobRequest
  bad source file: C:\Users\Sanrach\OneDrive\Desktop\Code\Java\Job Queue System\src\main\java\com\example\jobqueue\dto\JobRequest.java
    file does not contain class com.example.jobqueue.dto.JobRequest
    Please remove or make sure it appears in the correct subdirectory of the sourcepath.
[ERROR] /C:/Users/Sanrach/OneDrive/Desktop/Code/Java/Job Queue System/src/main/java/com/example/jobqueue/dto/JobRequest.java:[6,8] duplicate class: JobRequest
[ERROR] /C:/Users/Sanrach/OneDrive/Desktop/Code/Java/Job Queue System/src/main/java/com/example/jobqueue/service/JobService.java:[27,12] cannot find symbol
  symbol:   method setStatus(com.example.jobqueue.model.JobStatus)
  location: variable job of type com.example.jobqueue.model.Job
[ERROR] /C:/Users/Sanrach/OneDrive/Desktop/Code/Java/Job Queue System/src/main/java/com/example/jobqueue/service/JobService.java:[28,12] cannot find symbol
  symbol:   method setPayload(file.getOr[...].csv")
  location: variable job of type com.example.jobqueue.model.Job
[ERROR] /C:/Users/Sanrach/OneDrive/Desktop/Code/Java/Job Queue System/src/main/java/com/example/jobqueue/service/JobService.java:[33,16] cannot find symbol
  symbol:   method setStatus(com.example.jobqueue.model.JobStatus)
  location: variable job of type com.example.jobqueue.model.Job
[ERROR] /C:/Users/Sanrach/OneDrive/Desktop/Code/Java/Job Queue System/src/main/java/com/example/jobqueue/service/JobService.java:[34,16] cannot find symbol
  symbol:   method setResult(java.lang.String)
  location: variable job of type com.example.jobqueue.model.Job
[ERROR] /C:/Users/Sanrach/OneDrive/Desktop/Code/Java/Job Queue System/src/main/java/com/example/jobqueue/service/JobService.java:[39,16] cannot find symbol
  symbol:   method getStatus()
  location: variable job of type com.example.jobqueue.model.Job
[ERROR] /C:/Users/Sanrach/OneDrive/Desktop/Code/Java/Job Queue System/src/main/java/com/example/jobqueue/service/JobService.java:[40,82] cannot find symbol
  symbol:   method getId()
  location: variable job of type com.example.jobqueue.model.Job
[ERROR] /C:/Users/Sanrach/OneDrive/Desktop/Code/Java/Job Queue System/src/main/java/com/example/jobqueue/service/JobService.java:[77,16] cannot find symbol
  symbol:   method setPayload(java.lang.String)
  location: variable job of type com.example.jobqueue.model.Job
[ERROR] /C:/Users/Sanrach/OneDrive/Desktop/Code/Java/Job Queue System/src/main/java/com/example/jobqueue/service/JobService.java:[95,27] cannot find symbol
  symbol:   method getId()
  location: variable job of type com.example.jobqueue.model.Job
[ERROR] /C:/Users/Sanrach/OneDrive/Desktop/Code/Java/Job Queue System/src/main/java/com/example/jobqueue/service/JobService.java:[96,32] cannot find symbol
  symbol:   method getPayload()
  location: variable job of type com.example.jobqueue.model.Job
[ERROR] /C:/Users/Sanrach/OneDrive/Desktop/Code/Java/Job Queue System/src/main/java/com/example/jobqueue/service/JobService.java:[97,31] cannot find symbol
  symbol:   method getStatus()
  location: variable job of type com.example.jobqueue.model.Job
[ERROR] /C:/Users/Sanrach/OneDrive/Desktop/Code/Java/Job Queue System/src/main/java/com/example/jobqueue/service/JobService.java:[98,31] cannot find symbol
  symbol:   method getResult()
  location: variable job of type com.example.jobqueue.model.Job
[ERROR] /C:/Users/Sanrach/OneDrive/Desktop/Code/Java/Job Queue System/src/main/java/com/example/jobqueue/service/JobService.java:[99,37] cannot find symbol
  symbol:   method getRetriesCount()
  location: variable job of type com.example.jobqueue.model.Job
[ERROR] /C:/Users/Sanrach/OneDrive/Desktop/Code/Java/Job Queue System/src/main/java/com/example/jobqueue/service/JobService.java:[100,34] cannot find symbol
  symbol:   method getCreatedAt()
  location: variable job of type com.example.jobqueue.model.Job
[ERROR] /C:/Users/Sanrach/OneDrive/Desktop/Code/Java/Job Queue System/src/main/java/com/example/jobqueue/service/JobService.java:[101,34] cannot find symbol
  symbol:   method getUpdatedAt()
  location: variable job of type com.example.jobqueue.model.Job
[ERROR] /C:/Users/Sanrach/OneDrive/Desktop/Code/Java/Job Queue System/src/main/java/com/example/jobqueue/exception/GlobalExceptionHandler.java:[27,52] cannot find symbol
  symbol:   method builder()
  location: class com.example.jobqueue.dto.ErrorResponse
[ERROR] /C:/Users/Sanrach/OneDrive/Desktop/Code/Java/Job Queue System/src/main/java/com/example/jobqueue/exception/GlobalExceptionHandler.java:[39,52] cannot find symbol
  symbol:   method builder()
  location: class com.example.jobqueue.dto.ErrorResponse
[ERROR] /C:/Users/Sanrach/OneDrive/Desktop/Code/Java/Job Queue System/src/main/java/com/example/jobqueue/exception/GlobalExceptionHandler.java:[50,52] cannot find symbol
  symbol:   method builder()
  location: class com.example.jobqueue.dto.ErrorResponse
[ERROR] /C:/Users/Sanrach/OneDrive/Desktop/Code/Java/Job Queue System/src/main/java/com/example/jobqueue/worker/JobWorker.java:[43,20] cannot find symbol
  symbol:   method setStatus(com.example.jobqueue.model.JobStatus)
  location: variable job of type com.example.jobqueue.model.Job
[ERROR] /C:/Users/Sanrach/OneDrive/Desktop/Code/Java/Job Queue System/src/main/java/com/example/jobqueue/worker/JobWorker.java:[45,17] cannot find symbol
  symbol:   variable log
  location: class com.example.jobqueue.worker.JobWorker
[ERROR] /C:/Users/Sanrach/OneDrive/Desktop/Code/Java/Job Queue System/src/main/java/com/example/jobqueue/worker/JobWorker.java:[47,46] cannot find symbol
  symbol:   method getPayload()
  location: variable job of type com.example.jobqueue.model.Job
[ERROR] /C:/Users/Sanrach/OneDrive/Desktop/Code/Java/Job Queue System/src/main/java/com/example/jobqueue/worker/JobWorker.java:[49,20] cannot find symbol
  symbol:   method setStatus(com.example.jobqueue.model.JobStatus)
  location: variable job of type com.example.jobqueue.model.Job
[ERROR] /C:/Users/Sanrach/OneDrive/Desktop/Code/Java/Job Queue System/src/main/java/com/example/jobqueue/worker/JobWorker.java:[50,20] cannot find symbol
  symbol:   method setResult(java.lang.String)
  location: variable job of type com.example.jobqueue.model.Job
[ERROR] /C:/Users/Sanrach/OneDrive/Desktop/Code/Java/Job Queue System/src/main/java/com/example/jobqueue/worker/JobWorker.java:[52,17] cannot find symbol
  symbol:   variable log
  location: class com.example.jobqueue.worker.JobWorker
[ERROR] /C:/Users/Sanrach/OneDrive/Desktop/Code/Java/Job Queue System/src/main/java/com/example/jobqueue/worker/JobWorker.java:[54,31] cannot find symbol
  symbol:   method getPayload()
  location: variable job of type com.example.jobqueue.model.Job
[ERROR] /C:/Users/Sanrach/OneDrive/Desktop/Code/Java/Job Queue System/src/main/java/com/example/jobqueue/worker/JobWorker.java:[57,17] cannot find symbol
  symbol:   variable log
  location: class com.example.jobqueue.worker.JobWorker
[ERROR] /C:/Users/Sanrach/OneDrive/Desktop/Code/Java/Job Queue System/src/main/java/com/example/jobqueue/worker/JobWorker.java:[84,27] cannot find symbol
  symbol:   method setName(java.lang.String)
  location: variable person of type com.example.jobqueue.model.Person
[ERROR] /C:/Users/Sanrach/OneDrive/Desktop/Code/Java/Job Queue System/src/main/java/com/example/jobqueue/worker/JobWorker.java:[87,31] cannot find symbol
  symbol:   method setAge(int)
  location: variable person of type com.example.jobqueue.model.Person
[ERROR] /C:/Users/Sanrach/OneDrive/Desktop/Code/Java/Job Queue System/src/main/java/com/example/jobqueue/worker/JobWorker.java:[89,31] cannot find symbol
  symbol:   method setAge(int)
  location: variable person of type com.example.jobqueue.model.Person
[ERROR] /C:/Users/Sanrach/OneDrive/Desktop/Code/Java/Job Queue System/src/main/java/com/example/jobqueue/worker/JobWorker.java:[92,27] cannot find symbol
  symbol:   method setCity(java.lang.String)
  location: variable person of type com.example.jobqueue.model.Person
[ERROR] /C:/Users/Sanrach/OneDrive/Desktop/Code/Java/Job Queue System/src/main/java/com/example/jobqueue/worker/JobWorker.java:[101,13] cannot find symbol
  symbol:   variable log
  location: class com.example.jobqueue.worker.JobWorker
[ERROR] /C:/Users/Sanrach/OneDrive/Desktop/Code/Java/Job Queue System/src/main/java/com/example/jobqueue/worker/JobWorker.java:[108,32] cannot find symbol
  symbol:   method getRetriesCount()
  location: variable job of type com.example.jobqueue.model.Job
[ERROR] /C:/Users/Sanrach/OneDrive/Desktop/Code/Java/Job Queue System/src/main/java/com/example/jobqueue/worker/JobWorker.java:[110,16] cannot find symbol
  symbol:   method getRetriesCount()
  location: variable job of type com.example.jobqueue.model.Job
[ERROR] /C:/Users/Sanrach/OneDrive/Desktop/Code/Java/Job Queue System/src/main/java/com/example/jobqueue/worker/JobWorker.java:[111,16] cannot find symbol
  symbol:   method setStatus(com.example.jobqueue.model.JobStatus)
  location: variable job of type com.example.jobqueue.model.Job
[ERROR] /C:/Users/Sanrach/OneDrive/Desktop/Code/Java/Job Queue System/src/main/java/com/example/jobqueue/worker/JobWorker.java:[112,16] cannot find symbol
  symbol:   method setResult(java.lang.String)
  location: variable job of type com.example.jobqueue.model.Job
[ERROR] /C:/Users/Sanrach/OneDrive/Desktop/Code/Java/Job Queue System/src/main/java/com/example/jobqueue/worker/JobWorker.java:[114,13] cannot find symbol
  symbol:   variable log
  location: class com.example.jobqueue.worker.JobWorker
[ERROR] /C:/Users/Sanrach/OneDrive/Desktop/Code/Java/Job Queue System/src/main/java/com/example/jobqueue/worker/JobWorker.java:[114,55] cannot find symbol
  symbol:   method getId()
  location: variable job of type com.example.jobqueue.model.Job
[ERROR] /C:/Users/Sanrach/OneDrive/Desktop/Code/Java/Job Queue System/src/main/java/com/example/jobqueue/worker/JobWorker.java:[116,27] cannot find symbol
  symbol:   method getPayload()
  location: variable job of type com.example.jobqueue.model.Job
[ERROR] /C:/Users/Sanrach/OneDrive/Desktop/Code/Java/Job Queue System/src/main/java/com/example/jobqueue/worker/JobWorker.java:[118,16] cannot find symbol
  symbol:   method setStatus(com.example.jobqueue.model.JobStatus)
  location: variable job of type com.example.jobqueue.model.Job
[ERROR] /C:/Users/Sanrach/OneDrive/Desktop/Code/Java/Job Queue System/src/main/java/com/example/jobqueue/worker/JobWorker.java:[119,67] cannot find symbol
  symbol:   method getRetriesCount()
  location: variable job of type com.example.jobqueue.model.Job
[ERROR] /C:/Users/Sanrach/OneDrive/Desktop/Code/Java/Job Queue System/src/main/java/com/example/jobqueue/worker/JobWorker.java:[121,82] cannot find symbol
  symbol:   method getId()
  location: variable job of type com.example.jobqueue.model.Job
[ERROR] /C:/Users/Sanrach/OneDrive/Desktop/Code/Java/Job Queue System/src/main/java/com/example/jobqueue/worker/JobWorker.java:[122,13] cannot find symbol
  symbol:   variable log
  location: class com.example.jobqueue.worker.JobWorker
[ERROR] /C:/Users/Sanrach/OneDrive/Desktop/Code/Java/Job Queue System/src/main/java/com/example/jobqueue/worker/JobWorker.java:[122,56] cannot find symbol
  symbol:   method getId()
  location: variable job of type com.example.jobqueue.model.Job
[ERROR] /C:/Users/Sanrach/OneDrive/Desktop/Code/Java/Job Queue System/src/main/java/com/example/jobqueue/worker/JobWorker.java:[131,17] cannot find symbol
  symbol:   variable log
  location: class com.example.jobqueue.worker.JobWorker
[INFO] 45 errors 
[INFO] -------------------------------------------------------------
[INFO] ------------------------------------------------------------------------
[INFO] BUILD FAILURE
[INFO] ------------------------------------------------------------------------
[INFO] Total time:  2.254 s
[INFO] Finished at: 2026-03-25T17:05:12+05:30
[INFO] ------------------------------------------------------------------------
[ERROR] Failed to execute goal org.apache.maven.plugins:maven-compiler-plugin:3.13.0:compile (default-compile) on project job-queue-system: Compilation failure: Compilation failure: 
[ERROR] /C:/Users/Sanrach/OneDrive/Desktop/Code/Java/Job Queue System/src/main/java/com/example/jobqueue/controller/JobController.java:[3,32] cannot access com.example.jobqueue.dto.JobRequest
[ERROR]   bad source file: C:\Users\Sanrach\OneDrive\Desktop\Code\Java\Job Queue System\src\main\java\com\example\jobqueue\dto\JobRequest.java
[ERROR]     file does not contain class com.example.jobqueue.dto.JobRequest
[ERROR]     Please remove or make sure it appears in the correct subdirectory of the sourcepath.
[ERROR] /C:/Users/Sanrach/OneDrive/Desktop/Code/Java/Job Queue System/src/main/java/com/example/jobqueue/dto/JobRequest.java:[6,8] duplicate class: JobRequest
[ERROR] /C:/Users/Sanrach/OneDrive/Desktop/Code/Java/Job Queue System/src/main/java/com/example/jobqueue/service/JobService.java:[27,12] cannot find symbol
[ERROR]   symbol:   method setStatus(com.example.jobqueue.model.JobStatus)
[ERROR]   location: variable job of type com.example.jobqueue.model.Job
[ERROR] /C:/Users/Sanrach/OneDrive/Desktop/Code/Java/Job Queue System/src/main/java/com/example/jobqueue/service/JobService.java:[28,12] cannot find symbol
[ERROR]   symbol:   method setPayload(file.getOr[...].csv")
[ERROR]   location: variable job of type com.example.jobqueue.model.Job
[ERROR] /C:/Users/Sanrach/OneDrive/Desktop/Code/Java/Job Queue System/src/main/java/com/example/jobqueue/service/JobService.java:[33,16] cannot find symbol
[ERROR]   symbol:   method setStatus(com.example.jobqueue.model.JobStatus)
[ERROR]   location: variable job of type com.example.jobqueue.model.Job
[ERROR] /C:/Users/Sanrach/OneDrive/Desktop/Code/Java/Job Queue System/src/main/java/com/example/jobqueue/service/JobService.java:[34,16] cannot find symbol
[ERROR]   symbol:   method setResult(java.lang.String)
[ERROR]   location: variable job of type com.example.jobqueue.model.Job
[ERROR] /C:/Users/Sanrach/OneDrive/Desktop/Code/Java/Job Queue System/src/main/java/com/example/jobqueue/service/JobService.java:[39,16] cannot find symbol
[ERROR]   symbol:   method getStatus()
[ERROR]   location: variable job of type com.example.jobqueue.model.Job
[ERROR] /C:/Users/Sanrach/OneDrive/Desktop/Code/Java/Job Queue System/src/main/java/com/example/jobqueue/service/JobService.java:[40,82] cannot find symbol
[ERROR]   symbol:   method getId()
[ERROR]   location: variable job of type com.example.jobqueue.model.Job
[ERROR] /C:/Users/Sanrach/OneDrive/Desktop/Code/Java/Job Queue System/src/main/java/com/example/jobqueue/service/JobService.java:[77,16] cannot find symbol
[ERROR]   symbol:   method setPayload(java.lang.String)
[ERROR]   location: variable job of type com.example.jobqueue.model.Job
[ERROR] /C:/Users/Sanrach/OneDrive/Desktop/Code/Java/Job Queue System/src/main/java/com/example/jobqueue/service/JobService.java:[95,27] cannot find symbol
[ERROR]   symbol:   method getId()
[ERROR]   location: variable job of type com.example.jobqueue.model.Job
[ERROR] /C:/Users/Sanrach/OneDrive/Desktop/Code/Java/Job Queue System/src/main/java/com/example/jobqueue/service/JobService.java:[96,32] cannot find symbol
[ERROR]   symbol:   method getPayload()
[ERROR]   location: variable job of type com.example.jobqueue.model.Job
[ERROR] /C:/Users/Sanrach/OneDrive/Desktop/Code/Java/Job Queue System/src/main/java/com/example/jobqueue/service/JobService.java:[97,31] cannot find symbol
[ERROR]   symbol:   method getStatus()
[ERROR]   location: variable job of type com.example.jobqueue.model.Job
[ERROR] /C:/Users/Sanrach/OneDrive/Desktop/Code/Java/Job Queue System/src/main/java/com/example/jobqueue/service/JobService.java:[98,31] cannot find symbol
[ERROR]   symbol:   method getResult()
[ERROR]   location: variable job of type com.example.jobqueue.model.Job
[ERROR] /C:/Users/Sanrach/OneDrive/Desktop/Code/Java/Job Queue System/src/main/java/com/example/jobqueue/service/JobService.java:[99,37] cannot find symbol
[ERROR]   symbol:   method getRetriesCount()
[ERROR]   location: variable job of type com.example.jobqueue.model.Job
[ERROR] /C:/Users/Sanrach/OneDrive/Desktop/Code/Java/Job Queue System/src/main/java/com/example/jobqueue/service/JobService.java:[100,34] cannot find symbol
[ERROR]   symbol:   method getCreatedAt()
[ERROR]   location: variable job of type com.example.jobqueue.model.Job
[ERROR] /C:/Users/Sanrach/OneDrive/Desktop/Code/Java/Job Queue System/src/main/java/com/example/jobqueue/service/JobService.java:[101,34] cannot find symbol
[ERROR]   symbol:   method getUpdatedAt()
[ERROR]   location: variable job of type com.example.jobqueue.model.Job
[ERROR] /C:/Users/Sanrach/OneDrive/Desktop/Code/Java/Job Queue System/src/main/java/com/example/jobqueue/exception/GlobalExceptionHandler.java:[27,52] cannot find symbol
[ERROR]   symbol:   method builder()
[ERROR]   location: class com.example.jobqueue.dto.ErrorResponse
[ERROR] /C:/Users/Sanrach/OneDrive/Desktop/Code/Java/Job Queue System/src/main/java/com/example/jobqueue/exception/GlobalExceptionHandler.java:[39,52] cannot find symbol
[ERROR]   symbol:   method builder()
[ERROR]   location: class com.example.jobqueue.dto.ErrorResponse
[ERROR] /C:/Users/Sanrach/OneDrive/Desktop/Code/Java/Job Queue System/src/main/java/com/example/jobqueue/exception/GlobalExceptionHandler.java:[50,52] cannot find symbol
[ERROR]   symbol:   method builder()
[ERROR]   location: class com.example.jobqueue.dto.ErrorResponse
[ERROR] /C:/Users/Sanrach/OneDrive/Desktop/Code/Java/Job Queue System/src/main/java/com/example/jobqueue/worker/JobWorker.java:[43,20] cannot find symbol
[ERROR]   symbol:   method setStatus(com.example.jobqueue.model.JobStatus)
[ERROR]   location: variable job of type com.example.jobqueue.model.Job
[ERROR] /C:/Users/Sanrach/OneDrive/Desktop/Code/Java/Job Queue System/src/main/java/com/example/jobqueue/worker/JobWorker.java:[45,17] cannot find symbol
[ERROR]   symbol:   variable log
[ERROR]   location: class com.example.jobqueue.worker.JobWorker
[ERROR] /C:/Users/Sanrach/OneDrive/Desktop/Code/Java/Job Queue System/src/main/java/com/example/jobqueue/worker/JobWorker.java:[47,46] cannot find symbol
[ERROR]   symbol:   method getPayload()
[ERROR]   location: variable job of type com.example.jobqueue.model.Job
[ERROR] /C:/Users/Sanrach/OneDrive/Desktop/Code/Java/Job Queue System/src/main/java/com/example/jobqueue/worker/JobWorker.java:[49,20] cannot find symbol
[ERROR]   symbol:   method setStatus(com.example.jobqueue.model.JobStatus)
[ERROR]   location: variable job of type com.example.jobqueue.model.Job
[ERROR] /C:/Users/Sanrach/OneDrive/Desktop/Code/Java/Job Queue System/src/main/java/com/example/jobqueue/worker/JobWorker.java:[50,20] cannot find symbol
[ERROR]   symbol:   method setResult(java.lang.String)
[ERROR]   location: variable job of type com.example.jobqueue.model.Job
[ERROR] /C:/Users/Sanrach/OneDrive/Desktop/Code/Java/Job Queue System/src/main/java/com/example/jobqueue/worker/JobWorker.java:[52,17] cannot find symbol
[ERROR]   symbol:   variable log
[ERROR]   location: class com.example.jobqueue.worker.JobWorker
[ERROR] /C:/Users/Sanrach/OneDrive/Desktop/Code/Java/Job Queue System/src/main/java/com/example/jobqueue/worker/JobWorker.java:[54,31] cannot find symbol
[ERROR]   symbol:   method getPayload()
[ERROR]   location: variable job of type com.example.jobqueue.model.Job
[ERROR] /C:/Users/Sanrach/OneDrive/Desktop/Code/Java/Job Queue System/src/main/java/com/example/jobqueue/worker/JobWorker.java:[57,17] cannot find symbol
[ERROR]   symbol:   variable log
[ERROR]   location: class com.example.jobqueue.worker.JobWorker
[ERROR] /C:/Users/Sanrach/OneDrive/Desktop/Code/Java/Job Queue System/src/main/java/com/example/jobqueue/worker/JobWorker.java:[84,27] cannot find symbol
[ERROR]   symbol:   method setName(java.lang.String)
[ERROR]   location: variable person of type com.example.jobqueue.model.Person
[ERROR] /C:/Users/Sanrach/OneDrive/Desktop/Code/Java/Job Queue System/src/main/java/com/example/jobqueue/worker/JobWorker.java:[87,31] cannot find symbol
[ERROR]   symbol:   method setAge(int)
[ERROR]   location: variable person of type com.example.jobqueue.model.Person
[ERROR] /C:/Users/Sanrach/OneDrive/Desktop/Code/Java/Job Queue System/src/main/java/com/example/jobqueue/worker/JobWorker.java:[89,31] cannot find symbol
[ERROR]   symbol:   method setAge(int)
[ERROR]   location: variable person of type com.example.jobqueue.model.Person
[ERROR] /C:/Users/Sanrach/OneDrive/Desktop/Code/Java/Job Queue System/src/main/java/com/example/jobqueue/worker/JobWorker.java:[92,27] cannot find symbol
[ERROR]   symbol:   method setCity(java.lang.String)
[ERROR]   location: variable person of type com.example.jobqueue.model.Person
[ERROR] /C:/Users/Sanrach/OneDrive/Desktop/Code/Java/Job Queue System/src/main/java/com/example/jobqueue/worker/JobWorker.java:[101,13] cannot find symbol
[ERROR]   symbol:   variable log
[ERROR]   location: class com.example.jobqueue.worker.JobWorker
[ERROR] /C:/Users/Sanrach/OneDrive/Desktop/Code/Java/Job Queue System/src/main/java/com/example/jobqueue/worker/JobWorker.java:[108,32] cannot find symbol
[ERROR]   symbol:   method getRetriesCount()
[ERROR]   location: variable job of type com.example.jobqueue.model.Job
[ERROR] /C:/Users/Sanrach/OneDrive/Desktop/Code/Java/Job Queue System/src/main/java/com/example/jobqueue/worker/JobWorker.java:[110,16] cannot find symbol
[ERROR]   symbol:   method getRetriesCount()
[ERROR]   location: variable job of type com.example.jobqueue.model.Job
[ERROR] /C:/Users/Sanrach/OneDrive/Desktop/Code/Java/Job Queue System/src/main/java/com/example/jobqueue/worker/JobWorker.java:[111,16] cannot find symbol
[ERROR]   symbol:   method setStatus(com.example.jobqueue.model.JobStatus)
[ERROR]   location: variable job of type com.example.jobqueue.model.Job
[ERROR] /C:/Users/Sanrach/OneDrive/Desktop/Code/Java/Job Queue System/src/main/java/com/example/jobqueue/worker/JobWorker.java:[112,16] cannot find symbol
[ERROR]   symbol:   method setResult(java.lang.String)
[ERROR]   location: variable job of type com.example.jobqueue.model.Job
[ERROR] /C:/Users/Sanrach/OneDrive/Desktop/Code/Java/Job Queue System/src/main/java/com/example/jobqueue/worker/JobWorker.java:[114,13] cannot find symbol
[ERROR]   symbol:   variable log
[ERROR]   location: class com.example.jobqueue.worker.JobWorker
[ERROR] /C:/Users/Sanrach/OneDrive/Desktop/Code/Java/Job Queue System/src/main/java/com/example/jobqueue/worker/JobWorker.java:[114,55] cannot find symbol
[ERROR]   symbol:   method getId()
[ERROR]   location: variable job of type com.example.jobqueue.model.Job
[ERROR] /C:/Users/Sanrach/OneDrive/Desktop/Code/Java/Job Queue System/src/main/java/com/example/jobqueue/worker/JobWorker.java:[116,27] cannot find symbol
[ERROR]   symbol:   method getPayload()
[ERROR]   location: variable job of type com.example.jobqueue.model.Job
[ERROR] /C:/Users/Sanrach/OneDrive/Desktop/Code/Java/Job Queue System/src/main/java/com/example/jobqueue/worker/JobWorker.java:[118,16] cannot find symbol
[ERROR]   symbol:   method setStatus(com.example.jobqueue.model.JobStatus)
[ERROR]   location: variable job of type com.example.jobqueue.model.Job
[ERROR] /C:/Users/Sanrach/OneDrive/Desktop/Code/Java/Job Queue System/src/main/java/com/example/jobqueue/worker/JobWorker.java:[119,67] cannot find symbol
[ERROR]   symbol:   method getRetriesCount()
[ERROR]   location: variable job of type com.example.jobqueue.model.Job
[ERROR] /C:/Users/Sanrach/OneDrive/Desktop/Code/Java/Job Queue System/src/main/java/com/example/jobqueue/worker/JobWorker.java:[121,82] cannot find symbol
[ERROR]   symbol:   method getId()
[ERROR]   location: variable job of type com.example.jobqueue.model.Job
[ERROR] /C:/Users/Sanrach/OneDrive/Desktop/Code/Java/Job Queue System/src/main/java/com/example/jobqueue/worker/JobWorker.java:[122,13] cannot find symbol
[ERROR]   symbol:   variable log
[ERROR]   location: class com.example.jobqueue.worker.JobWorker
[ERROR] /C:/Users/Sanrach/OneDrive/Desktop/Code/Java/Job Queue System/src/main/java/com/example/jobqueue/worker/JobWorker.java:[122,56] cannot find symbol
[ERROR]   symbol:   method getId()
[ERROR]   location: variable job of type com.example.jobqueue.model.Job
[ERROR] /C:/Users/Sanrach/OneDrive/Desktop/Code/Java/Job Queue System/src/main/java/com/example/jobqueue/worker/JobWorker.java:[131,17] cannot find symbol
[ERROR]   symbol:   variable log
[ERROR]   location: class com.example.jobqueue.worker.JobWorker
[ERROR] -> [Help 1]
[ERROR] 
[ERROR] To see the full stack trace of the errors, re-run Maven with the -e switch.
[ERROR] Re-run Maven using the -X switch to enable full debug logging.
[ERROR] 
[ERROR] For more information about the errors and possible solutions, please read the following articles:
[ERROR] [Help 1] http://cwiki.apache.org/confluence/display/MAVEN/MojoFailureException
